main.c:85:7:setup_bb	8	static
main.c:90:7:small_delay	8	static
main.c:94:7:bb_write_bit	16	static
main.c:103:7:bb_write_byte	24	static
main.c:107:7:bb_cmd	16	static
main.c:118:7:bb_data	16	static
main.c:129:7:bb_init_oled	8	static
main.c:140:7:bb_display1	24	static
main.c:145:7:bb_display2	24	static
main.c:212:6:findMissingPiece	48	static
main.c:263:7:choseSelectLineMux	24	static
main.c:279:7:choseSelectLineSuper	24	static
main.c:295:7:readSuperMux	136	static
main.c:441:5:main	24	static
main.c:512:6:SystemClock_Config	88	static
main.c:557:13:MX_ADC1_Init	24	static
main.c:607:13:MX_TIM8_Init	96	static
main.c:682:13:MX_USART2_UART_Init	8	static
main.c:713:13:MX_DMA_Init	16	static
main.c:731:13:MX_GPIO_Init	48	static
main.c:791:6:HAL_TIM_PeriodElapsedCallback	16	static
main.c:808:6:Error_Handler	4	static,ignoring_inline_asm
